{
  "version": "1.5.0",
  "plugins_used": [
    {
      "name": "ArtifactoryDetector"
    },
    {
      "name": "AWSKeyDetector"
    },
    {
      "name": "AzureStorageKeyDetector"
    },
    {
      "name": "Base64HighEntropyString",
      "limit": 4.5
    },
    {
      "name": "BasicAuthDetector"
    },
    {
      "name": "CloudantDetector"
    },
    {
      "name": "DiscordBotTokenDetector"
    },
    {
      "name": "GitHubTokenDetector"
    },
    {
      "name": "GitLabTokenDetector"
    },
    {
      "name": "HexHighEntropyString",
      "limit": 3.0
    },
    {
      "name": "IbmCloudIamDetector"
    },
    {
      "name": "IbmCosHmacDetector"
    },
    {
      "name": "IPPublicDetector"
    },
    {
      "name": "JwtTokenDetector"
    },
    {
      "name": "KeywordDetector",
      "keyword_exclude": ""
    },
    {
      "name": "MailchimpDetector"
    },
    {
      "name": "NpmDetector"
    },
    {
      "name": "OpenAIDetector"
    },
    {
      "name": "PrivateKeyDetector"
    },
    {
      "name": "PypiTokenDetector"
    },
    {
      "name": "SendGridDetector"
    },
    {
      "name": "SlackDetector"
    },
    {
      "name": "SoftlayerDetector"
    },
    {
      "name": "SquareOAuthDetector"
    },
    {
      "name": "StripeDetector"
    },
    {
      "name": "TelegramBotTokenDetector"
    },
    {
      "name": "TwilioKeyDetector"
    }
  ],
  "filters_used": [
    {
      "path": "detect_secrets.filters.allowlist.is_line_allowlisted"
    },
    {
      "path": "detect_secrets.filters.common.is_ignored_due_to_verification_policies",
      "min_level": 2
    },
    {
      "path": "detect_secrets.filters.heuristic.is_indirect_reference"
    },
    {
      "path": "detect_secrets.filters.heuristic.is_likely_id_string"
    },
    {
      "path": "detect_secrets.filters.heuristic.is_lock_file"
    },
    {
      "path": "detect_secrets.filters.heuristic.is_not_alphanumeric_string"
    },
    {
      "path": "detect_secrets.filters.heuristic.is_potential_uuid"
    },
    {
      "path": "detect_secrets.filters.heuristic.is_prefixed_with_dollar_sign"
    },
    {
      "path": "detect_secrets.filters.heuristic.is_sequential_string"
    },
    {
      "path": "detect_secrets.filters.heuristic.is_swagger_file"
    },
    {
      "path": "detect_secrets.filters.heuristic.is_templated_secret"
    },
    {
      "path": "detect_secrets.filters.regex.should_exclude_file",
      "pattern": [
        "\\.venv/",
        "node_modules/",
        "\\.next/",
        "dist/",
        "__pycache__/",
        "pnpm-lock\\.yaml"
      ]
    }
  ],
  "results": {
    ".github/workflows/ci.yml": [
      {
        "type": "Secret Keyword",
        "filename": ".github/workflows/ci.yml",
        "hashed_secret": "d918db3b057f7857900bff11474f54ea4721a70d",
        "is_verified": false,
        "line_number": 16
      },
      {
        "type": "Basic Auth Credentials",
        "filename": ".github/workflows/ci.yml",
        "hashed_secret": "d918db3b057f7857900bff11474f54ea4721a70d",
        "is_verified": false,
        "line_number": 29
      }
    ],
    "apps/api/core/config.py": [
      {
        "type": "Basic Auth Credentials",
        "filename": "apps/api/core/config.py",
        "hashed_secret": "d918db3b057f7857900bff11474f54ea4721a70d",
        "is_verified": false,
        "line_number": 19
      }
    ],
    "apps/api/migrations/versions/0b0479a26ade_milestone17_support_access_grant_status_.py": [
      {
        "type": "Hex High Entropy String",
        "filename": "apps/api/migrations/versions/0b0479a26ade_milestone17_support_access_grant_status_.py",
        "hashed_secret": "ad5630f81ee4bf6c50e5c8d94904d3d69258aa06",
        "is_verified": false,
        "line_number": 15
      }
    ],
    "apps/api/migrations/versions/224898b91352_milestone4_actions_playbooks_automation_.py": [
      {
        "type": "Hex High Entropy String",
        "filename": "apps/api/migrations/versions/224898b91352_milestone4_actions_playbooks_automation_.py",
        "hashed_secret": "385e0a087041b583146bd4e46ae712e1dff4373f",
        "is_verified": false,
        "line_number": 17
      }
    ],
    "apps/api/migrations/versions/2f1fafad959a_milestone2_integrations_and_assets_.py": [
      {
        "type": "Hex High Entropy String",
        "filename": "apps/api/migrations/versions/2f1fafad959a_milestone2_integrations_and_assets_.py",
        "hashed_secret": "cc651a7d56d43c9ca657f173a4520b31ac8208b6",
        "is_verified": false,
        "line_number": 17
      }
    ],
    "apps/api/migrations/versions/43b00c344a03_milestone15_widen_support_access_grants_.py": [
      {
        "type": "Hex High Entropy String",
        "filename": "apps/api/migrations/versions/43b00c344a03_milestone15_widen_support_access_grants_.py",
        "hashed_secret": "79870cd05db86a7ae641c82a362f38b910674d4b",
        "is_verified": false,
        "line_number": 15
      }
    ],
    "apps/api/migrations/versions/4e8562700b40_milestone1_baseline_schema.py": [
      {
        "type": "Hex High Entropy String",
        "filename": "apps/api/migrations/versions/4e8562700b40_milestone1_baseline_schema.py",
        "hashed_secret": "b7c7fbad5d26623117308405ca9c5beea20eddb4",
        "is_verified": false,
        "line_number": 16
      }
    ],
    "apps/api/migrations/versions/63298a015d28_milestone11_attack_surface_domain_.py": [
      {
        "type": "Hex High Entropy String",
        "filename": "apps/api/migrations/versions/63298a015d28_milestone11_attack_surface_domain_.py",
        "hashed_secret": "f43a98a9e06e3d85f87bdc54662193fb25595aa0",
        "is_verified": false,
        "line_number": 15
      }
    ],
    "apps/api/migrations/versions/762368bc730d_row_level_security_policies.py": [
      {
        "type": "Hex High Entropy String",
        "filename": "apps/api/migrations/versions/762368bc730d_row_level_security_policies.py",
        "hashed_secret": "cc651a7d56d43c9ca657f173a4520b31ac8208b6",
        "is_verified": false,
        "line_number": 14
      },
      {
        "type": "Hex High Entropy String",
        "filename": "apps/api/migrations/versions/762368bc730d_row_level_security_policies.py",
        "hashed_secret": "b7c7fbad5d26623117308405ca9c5beea20eddb4",
        "is_verified": false,
        "line_number": 15
      }
    ],
    "apps/api/migrations/versions/79ca74767833_milestone24_mfa_backup_codes.py": [
      {
        "type": "Hex High Entropy String",
        "filename": "apps/api/migrations/versions/79ca74767833_milestone24_mfa_backup_codes.py",
        "hashed_secret": "ad5630f81ee4bf6c50e5c8d94904d3d69258aa06",
        "is_verified": false,
        "line_number": 16
      }
    ],
    "apps/api/migrations/versions/89cea01d094a_milestone10_threat_intelligence_schema.py": [
      {
        "type": "Hex High Entropy String",
        "filename": "apps/api/migrations/versions/89cea01d094a_milestone10_threat_intelligence_schema.py",
        "hashed_secret": "b4256ab37d732f035027ca62c9bc5476fc523eb0",
        "is_verified": false,
        "line_number": 15
      }
    ],
    "apps/api/migrations/versions/9bb675113760_milestone5_incidents_schema.py": [
      {
        "type": "Hex High Entropy String",
        "filename": "apps/api/migrations/versions/9bb675113760_milestone5_incidents_schema.py",
        "hashed_secret": "1ab7d2822c6a65c01b0b8bbe797cdc751d259a5b",
        "is_verified": false,
        "line_number": 16
      }
    ],
    "apps/api/migrations/versions/a33856780d74_milestone13_mfa_challenge_tokens.py": [
      {
        "type": "Hex High Entropy String",
        "filename": "apps/api/migrations/versions/a33856780d74_milestone13_mfa_challenge_tokens.py",
        "hashed_secret": "0311986ca5271c643c1059a130155642c8a01d35",
        "is_verified": false,
        "line_number": 15
      },
      {
        "type": "Hex High Entropy String",
        "filename": "apps/api/migrations/versions/a33856780d74_milestone13_mfa_challenge_tokens.py",
        "hashed_secret": "f98c52a4cc08618a620868f380526d5e04857d8c",
        "is_verified": false,
        "line_number": 16
      }
    ],
    "apps/api/migrations/versions/a3f8c1d92e77_milestone3_findings_rls_policy.py": [
      {
        "type": "Hex High Entropy String",
        "filename": "apps/api/migrations/versions/a3f8c1d92e77_milestone3_findings_rls_policy.py",
        "hashed_secret": "385e0a087041b583146bd4e46ae712e1dff4373f",
        "is_verified": false,
        "line_number": 14
      }
    ],
    "apps/api/migrations/versions/b1b4e20e3079_milestone12_widen_audit_logs_select_rls.py": [
      {
        "type": "Hex High Entropy String",
        "filename": "apps/api/migrations/versions/b1b4e20e3079_milestone12_widen_audit_logs_select_rls.py",
        "hashed_secret": "f98c52a4cc08618a620868f380526d5e04857d8c",
        "is_verified": false,
        "line_number": 14
      },
      {
        "type": "Hex High Entropy String",
        "filename": "apps/api/migrations/versions/b1b4e20e3079_milestone12_widen_audit_logs_select_rls.py",
        "hashed_secret": "f43a98a9e06e3d85f87bdc54662193fb25595aa0",
        "is_verified": false,
        "line_number": 15
      }
    ],
    "apps/api/migrations/versions/b3f539a40866_milestone7_compliance_schema.py": [
      {
        "type": "Hex High Entropy String",
        "filename": "apps/api/migrations/versions/b3f539a40866_milestone7_compliance_schema.py",
        "hashed_secret": "8c30b8828451a5a2391b4c5032cd69c0c906a793",
        "is_verified": false,
        "line_number": 15
      },
      {
        "type": "Hex High Entropy String",
        "filename": "apps/api/migrations/versions/b3f539a40866_milestone7_compliance_schema.py",
        "hashed_secret": "ffb8543e94181f61ff445b15db4dc0cf037654c8",
        "is_verified": false,
        "line_number": 16
      }
    ],
    "apps/api/migrations/versions/b7e451f0d3aa_milestone4_actions_rls_policy.py": [
      {
        "type": "Hex High Entropy String",
        "filename": "apps/api/migrations/versions/b7e451f0d3aa_milestone4_actions_rls_policy.py",
        "hashed_secret": "1ab7d2822c6a65c01b0b8bbe797cdc751d259a5b",
        "is_verified": false,
        "line_number": 14
      }
    ],
    "apps/api/migrations/versions/b967aed623bd_milestone15_support_access_grant_.py": [
      {
        "type": "Hex High Entropy String",
        "filename": "apps/api/migrations/versions/b967aed623bd_milestone15_support_access_grant_.py",
        "hashed_secret": "79870cd05db86a7ae641c82a362f38b910674d4b",
        "is_verified": false,
        "line_number": 15
      },
      {
        "type": "Hex High Entropy String",
        "filename": "apps/api/migrations/versions/b967aed623bd_milestone15_support_access_grant_.py",
        "hashed_secret": "0311986ca5271c643c1059a130155642c8a01d35",
        "is_verified": false,
        "line_number": 16
      }
    ],
    "apps/api/migrations/versions/b99b7996c6f5_milestone7_compliance_rls_policy.py": [
      {
        "type": "Hex High Entropy String",
        "filename": "apps/api/migrations/versions/b99b7996c6f5_milestone7_compliance_rls_policy.py",
        "hashed_secret": "8c30b8828451a5a2391b4c5032cd69c0c906a793",
        "is_verified": false,
        "line_number": 15
      }
    ],
    "apps/api/migrations/versions/c4a8de62f1b3_milestone5_incidents_rls_policy.py": [
      {
        "type": "Hex High Entropy String",
        "filename": "apps/api/migrations/versions/c4a8de62f1b3_milestone5_incidents_rls_policy.py",
        "hashed_secret": "ffb8543e94181f61ff445b15db4dc0cf037654c8",
        "is_verified": false,
        "line_number": 14
      }
    ],
    "apps/api/migrations/versions/fa3d73328a3e_milestone10_threat_intel_rls_policy.py": [
      {
        "type": "Hex High Entropy String",
        "filename": "apps/api/migrations/versions/fa3d73328a3e_milestone10_threat_intel_rls_policy.py",
        "hashed_secret": "b4256ab37d732f035027ca62c9bc5476fc523eb0",
        "is_verified": false,
        "line_number": 15
      }
    ],
    "apps/api/modules/identity/service.py": [
      {
        "type": "Base64 High Entropy String",
        "filename": "apps/api/modules/identity/service.py",
        "hashed_secret": "f8c6f1ff98c5ee78c27d34a3ca68f35ad79847af",
        "is_verified": false,
        "line_number": 330
      }
    ],
    "apps/api/seed/demo.py": [
      {
        "type": "Secret Keyword",
        "filename": "apps/api/seed/demo.py",
        "hashed_secret": "0e44b36180785b8f783f604d856dcafb404f0337",
        "is_verified": false,
        "line_number": 31
      }
    ],
    "apps/api/tests/conftest.py": [
      {
        "type": "Basic Auth Credentials",
        "filename": "apps/api/tests/conftest.py",
        "hashed_secret": "d918db3b057f7857900bff11474f54ea4721a70d",
        "is_verified": false,
        "line_number": 28
      }
    ],
    "apps/api/tests/security/test_tenant_isolation.py": [
      {
        "type": "Secret Keyword",
        "filename": "apps/api/tests/security/test_tenant_isolation.py",
        "hashed_secret": "7ca2dbdf06cf416b13382ceee35b982d2c6fc009",
        "is_verified": false,
        "line_number": 35
      },
      {
        "type": "Secret Keyword",
        "filename": "apps/api/tests/security/test_tenant_isolation.py",
        "hashed_secret": "222c537f0630314efe52bfa721f1cfc3e6fd2ed5",
        "is_verified": false,
        "line_number": 49
      },
      {
        "type": "Secret Keyword",
        "filename": "apps/api/tests/security/test_tenant_isolation.py",
        "hashed_secret": "f32b67c7e26342af42efabc674d441dca0a281c5",
        "is_verified": false,
        "line_number": 99
      }
    ],
    "apps/api/tests/test_actions_api.py": [
      {
        "type": "Secret Keyword",
        "filename": "apps/api/tests/test_actions_api.py",
        "hashed_secret": "aa87bcf7ae4f2c8d68b0af6fd63f0317d51e54b3",
        "is_verified": false,
        "line_number": 37
      },
      {
        "type": "Secret Keyword",
        "filename": "apps/api/tests/test_actions_api.py",
        "hashed_secret": "cc4faf867769c86c5091d0fea8b190130d67d74c",
        "is_verified": false,
        "line_number": 100
      },
      {
        "type": "Secret Keyword",
        "filename": "apps/api/tests/test_actions_api.py",
        "hashed_secret": "d3eb2c9098f70d38b8a6fc4e51837f49eced8258",
        "is_verified": false,
        "line_number": 127
      }
    ],
    "apps/api/tests/test_actions_engine.py": [
      {
        "type": "Secret Keyword",
        "filename": "apps/api/tests/test_actions_engine.py",
        "hashed_secret": "2905c58a227ba7e07dab1a167bd9c9554841f0b3",
        "is_verified": false,
        "line_number": 50
      }
    ],
    "apps/api/tests/test_asset_ingestion.py": [
      {
        "type": "Secret Keyword",
        "filename": "apps/api/tests/test_asset_ingestion.py",
        "hashed_secret": "2905c58a227ba7e07dab1a167bd9c9554841f0b3",
        "is_verified": false,
        "line_number": 43
      }
    ],
    "apps/api/tests/test_attack_surface.py": [
      {
        "type": "Secret Keyword",
        "filename": "apps/api/tests/test_attack_surface.py",
        "hashed_secret": "cc4faf867769c86c5091d0fea8b190130d67d74c",
        "is_verified": false,
        "line_number": 292
      }
    ],
    "apps/api/tests/test_audit.py": [
      {
        "type": "Secret Keyword",
        "filename": "apps/api/tests/test_audit.py",
        "hashed_secret": "1eddae7be5a4f1263cbc767ae723abde2796aa3a",
        "is_verified": false,
        "line_number": 17
      }
    ],
    "apps/api/tests/test_auth_flow.py": [
      {
        "type": "Secret Keyword",
        "filename": "apps/api/tests/test_auth_flow.py",
        "hashed_secret": "af258152571c0cbe5071f571f425ec4a3c58ad4e",
        "is_verified": false,
        "line_number": 21
      },
      {
        "type": "Secret Keyword",
        "filename": "apps/api/tests/test_auth_flow.py",
        "hashed_secret": "d9215ec1b163830ad19820cc1ff578bd8aab81be",
        "is_verified": false,
        "line_number": 33
      },
      {
        "type": "Secret Keyword",
        "filename": "apps/api/tests/test_auth_flow.py",
        "hashed_secret": "1ecb06717f59dd74a506404f8b193bd516d9c17e",
        "is_verified": false,
        "line_number": 46
      },
      {
        "type": "Secret Keyword",
        "filename": "apps/api/tests/test_auth_flow.py",
        "hashed_secret": "12b27ae44d4277d4297e9b619661e23da0ac2639",
        "is_verified": false,
        "line_number": 71
      },
      {
        "type": "Secret Keyword",
        "filename": "apps/api/tests/test_auth_flow.py",
        "hashed_secret": "948a0155222674675dd5bcdc764f0f7a677540aa",
        "is_verified": false,
        "line_number": 81
      },
      {
        "type": "Secret Keyword",
        "filename": "apps/api/tests/test_auth_flow.py",
        "hashed_secret": "86e87d787705d763b026499e6c3851dd3335b85d",
        "is_verified": false,
        "line_number": 88
      },
      {
        "type": "Secret Keyword",
        "filename": "apps/api/tests/test_auth_flow.py",
        "hashed_secret": "1eddae7be5a4f1263cbc767ae723abde2796aa3a",
        "is_verified": false,
        "line_number": 110
      },
      {
        "type": "Secret Keyword",
        "filename": "apps/api/tests/test_auth_flow.py",
        "hashed_secret": "cc4faf867769c86c5091d0fea8b190130d67d74c",
        "is_verified": false,
        "line_number": 132
      }
    ],
    "apps/api/tests/test_compliance_api.py": [
      {
        "type": "Secret Keyword",
        "filename": "apps/api/tests/test_compliance_api.py",
        "hashed_secret": "cc4faf867769c86c5091d0fea8b190130d67d74c",
        "is_verified": false,
        "line_number": 92
      },
      {
        "type": "Secret Keyword",
        "filename": "apps/api/tests/test_compliance_api.py",
        "hashed_secret": "6eb4df6b8d1b29f4b8374af2be9254358deb1a14",
        "is_verified": false,
        "line_number": 112
      }
    ],
    "apps/api/tests/test_credential_vault.py": [
      {
        "type": "Secret Keyword",
        "filename": "apps/api/tests/test_credential_vault.py",
        "hashed_secret": "f09511071a5bc7dfbf7f417111889f32519f981d",
        "is_verified": false,
        "line_number": 64
      },
      {
        "type": "Secret Keyword",
        "filename": "apps/api/tests/test_credential_vault.py",
        "hashed_secret": "ddbeee31dc29b74fcede0bea4d3fc5276d9148c8",
        "is_verified": false,
        "line_number": 91
      }
    ],
    "apps/api/tests/test_findings_api.py": [
      {
        "type": "Secret Keyword",
        "filename": "apps/api/tests/test_findings_api.py",
        "hashed_secret": "aa87bcf7ae4f2c8d68b0af6fd63f0317d51e54b3",
        "is_verified": false,
        "line_number": 38
      }
    ],
    "apps/api/tests/test_findings_engine.py": [
      {
        "type": "Secret Keyword",
        "filename": "apps/api/tests/test_findings_engine.py",
        "hashed_secret": "2905c58a227ba7e07dab1a167bd9c9554841f0b3",
        "is_verified": false,
        "line_number": 38
      }
    ],
    "apps/api/tests/test_incidents_api.py": [
      {
        "type": "Secret Keyword",
        "filename": "apps/api/tests/test_incidents_api.py",
        "hashed_secret": "aa87bcf7ae4f2c8d68b0af6fd63f0317d51e54b3",
        "is_verified": false,
        "line_number": 37
      },
      {
        "type": "Secret Keyword",
        "filename": "apps/api/tests/test_incidents_api.py",
        "hashed_secret": "cc4faf867769c86c5091d0fea8b190130d67d74c",
        "is_verified": false,
        "line_number": 184
      }
    ],
    "apps/api/tests/test_incidents_engine.py": [
      {
        "type": "Secret Keyword",
        "filename": "apps/api/tests/test_incidents_engine.py",
        "hashed_secret": "2905c58a227ba7e07dab1a167bd9c9554841f0b3",
        "is_verified": false,
        "line_number": 47
      }
    ],
    "apps/api/tests/test_mfa.py": [
      {
        "type": "Secret Keyword",
        "filename": "apps/api/tests/test_mfa.py",
        "hashed_secret": "aa87bcf7ae4f2c8d68b0af6fd63f0317d51e54b3",
        "is_verified": false,
        "line_number": 59
      },
      {
        "type": "Secret Keyword",
        "filename": "apps/api/tests/test_mfa.py",
        "hashed_secret": "cc4faf867769c86c5091d0fea8b190130d67d74c",
        "is_verified": false,
        "line_number": 341
      }
    ],
    "apps/api/tests/test_platform_admin.py": [
      {
        "type": "Secret Keyword",
        "filename": "apps/api/tests/test_platform_admin.py",
        "hashed_secret": "1eddae7be5a4f1263cbc767ae723abde2796aa3a",
        "is_verified": false,
        "line_number": 33
      }
    ],
    "apps/api/tests/test_rbac.py": [
      {
        "type": "Secret Keyword",
        "filename": "apps/api/tests/test_rbac.py",
        "hashed_secret": "1eddae7be5a4f1263cbc767ae723abde2796aa3a",
        "is_verified": false,
        "line_number": 13
      },
      {
        "type": "Secret Keyword",
        "filename": "apps/api/tests/test_rbac.py",
        "hashed_secret": "cde0fa46b9681a4dcbf63c739fe6bed093d77d5b",
        "is_verified": false,
        "line_number": 52
      }
    ],
    "apps/api/tests/test_reporting.py": [
      {
        "type": "Secret Keyword",
        "filename": "apps/api/tests/test_reporting.py",
        "hashed_secret": "2905c58a227ba7e07dab1a167bd9c9554841f0b3",
        "is_verified": false,
        "line_number": 45
      }
    ],
    "apps/api/tests/test_resilience.py": [
      {
        "type": "Secret Keyword",
        "filename": "apps/api/tests/test_resilience.py",
        "hashed_secret": "2905c58a227ba7e07dab1a167bd9c9554841f0b3",
        "is_verified": false,
        "line_number": 37
      }
    ],
    "apps/api/tests/test_security_policy_enforcement.py": [
      {
        "type": "Secret Keyword",
        "filename": "apps/api/tests/test_security_policy_enforcement.py",
        "hashed_secret": "aa87bcf7ae4f2c8d68b0af6fd63f0317d51e54b3",
        "is_verified": false,
        "line_number": 57
      },
      {
        "type": "Secret Keyword",
        "filename": "apps/api/tests/test_security_policy_enforcement.py",
        "hashed_secret": "cc4faf867769c86c5091d0fea8b190130d67d74c",
        "is_verified": false,
        "line_number": 147
      }
    ],
    "apps/api/tests/test_threat_intel.py": [
      {
        "type": "Secret Keyword",
        "filename": "apps/api/tests/test_threat_intel.py",
        "hashed_secret": "2905c58a227ba7e07dab1a167bd9c9554841f0b3",
        "is_verified": false,
        "line_number": 39
      },
      {
        "type": "Secret Keyword",
        "filename": "apps/api/tests/test_threat_intel.py",
        "hashed_secret": "aa87bcf7ae4f2c8d68b0af6fd63f0317d51e54b3",
        "is_verified": false,
        "line_number": 68
      }
    ],
    "apps/api/tests/test_trust_passport.py": [
      {
        "type": "Secret Keyword",
        "filename": "apps/api/tests/test_trust_passport.py",
        "hashed_secret": "cc4faf867769c86c5091d0fea8b190130d67d74c",
        "is_verified": false,
        "line_number": 215
      }
    ],
    "apps/web/tests/login-form.test.tsx": [
      {
        "type": "Secret Keyword",
        "filename": "apps/web/tests/login-form.test.tsx",
        "hashed_secret": "8f496788bffe8b052feeb2c64bbf8e38bdaec69b",
        "is_verified": false,
        "line_number": 83
      }
    ],
    "docker-compose.yml": [
      {
        "type": "Secret Keyword",
        "filename": "docker-compose.yml",
        "hashed_secret": "d918db3b057f7857900bff11474f54ea4721a70d",
        "is_verified": false,
        "line_number": 8
      },
      {
        "type": "Secret Keyword",
        "filename": "docker-compose.yml",
        "hashed_secret": "ae4734ae3f1a211438f79e7165c7c1246c5797e3",
        "is_verified": false,
        "line_number": 35
      },
      {
        "type": "Basic Auth Credentials",
        "filename": "docker-compose.yml",
        "hashed_secret": "d918db3b057f7857900bff11474f54ea4721a70d",
        "is_verified": false,
        "line_number": 64
      }
    ]
  },
  "generated_at": "2026-07-17T07:58:56Z"
}
